// Jest Snapshot v1, https://goo.gl/fbAQLP

exports[`RatingDetail should render correctly 1`] = `
<div>
  <div
    class="ant-descriptions"
  >
    <div
      class="ant-descriptions-header"
    >
      <div
        class="ant-descriptions-title"
      >
        Ratings
      </div>
    </div>
    <div
      class="ant-descriptions-view"
    >
      <table>
        <tbody>
          <tr
            class="ant-descriptions-row"
          >
            <td
              class="ant-descriptions-item"
              colspan="1"
            >
              <div
                class="ant-descriptions-item-container"
              >
                <span
                  class="ant-descriptions-item-label"
                >
                  Internet Movie Database
                </span>
                <span
                  class="ant-descriptions-item-content"
                >
                  8.9/10
                </span>
              </div>
            </td>
            <td
              class="ant-descriptions-item"
              colspan="1"
            >
              <div
                class="ant-descriptions-item-container"
              >
                <span
                  class="ant-descriptions-item-label"
                >
                  Rotten Tomatoes
                </span>
                <span
                  class="ant-descriptions-item-content"
                >
                  92%
                </span>
              </div>
            </td>
            <td
              class="ant-descriptions-item"
              colspan="1"
            >
              <div
                class="ant-descriptions-item-container"
              >
                <span
                  class="ant-descriptions-item-label"
                >
                  Metacritic
                </span>
                <span
                  class="ant-descriptions-item-content"
                >
                  80/100
                </span>
              </div>
            </td>
          </tr>
        </tbody>
      </table>
    </div>
  </div>
</div>
`;
